// Jest Snapshot v1, https://goo.gl/fbAQLP

exports[`Header renders correctly 1`] = `
ShallowWrapper {
  Symbol(enzyme.__root__): [Circular],
  Symbol(enzyme.__unrendered__): <Header />,
  Symbol(enzyme.__renderer__): Object {
    "batchedUpdates": [Function],
    "checkPropTypes": [Function],
    "getNode": [Function],
    "render": [Function],
    "simulateError": [Function],
    "simulateEvent": [Function],
    "unmount": [Function],
  },
  Symbol(enzyme.__node__): Object {
    "instance": null,
    "key": undefined,
    "nodeType": "function",
    "props": Object {
      "children": Array [
        <Unknown
          onClick={[Function]}
          src="baseline-menu-24px.svg"
/>,
        <Unknown
          onClick={[Function]}
          src="logo2.png"
/>,
        undefined,
      ],
    },
    "ref": null,
    "rendered": Array [
      Object {
        "instance": null,
        "key": undefined,
        "nodeType": "function",
        "props": Object {
          "onClick": [Function],
          "src": "baseline-menu-24px.svg",
        },
        "ref": null,
        "rendered": null,
        "type": Object {
          "$$typeof": Symbol(react.forward_ref),
          "attrs": Array [],
          "componentStyle": ComponentStyle {
            "componentId": "sc-htpNat",
            "isStatic": true,
            "rules": Array [
              "
  fill: white;
  margin-top: 7px;
  margin-left: 30px;
  display: none;
  ",
              "
    @media (max-width: ",
              "38.75",
              "em) {
      ",
              "display: block;",
              ";
    }
  ",
              "
  ",
              "
    @media (max-width: ",
              "23.4375",
              "em) {
      ",
              "margin-left: 10px;",
              ";
    }
  ",
              "
",
            ],
          },
          "displayName": "Styled(ReactSVG)",
          "foldedComponentIds": Array [],
          "render": [Function],
          "styledComponentId": "sc-htpNat",
          "target": [Function],
          "toString": [Function],
          "warnTooManyClasses": [Function],
          "withComponent": [Function],
          Symbol(Symbol.hasInstance): [Function],
        },
      },
      Object {
        "instance": null,
        "key": undefined,
        "nodeType": "function",
        "props": Object {
          "onClick": [Function],
          "src": "logo2.png",
        },
        "ref": null,
        "rendered": null,
        "type": Object {
          "$$typeof": Symbol(react.forward_ref),
          "attrs": Array [],
          "componentStyle": ComponentStyle {
            "componentId": "sc-bwzfXH",
            "isStatic": true,
            "rules": Array [
              "
  margin-top: ",
              "10",
              "px;
  height: ",
              "40",
              "px;
  margin-left: 32px;
  cursor: pointer;
  ",
              "
    @media (max-width: ",
              "38.75",
              "em) {
      ",
              "  margin-left: 10px;",
              ";
    }
  ",
              "
  ",
              "
    @media (max-width: ",
              "23.4375",
              "em) {
      ",
              "height: 35px;",
              ";
    }
  ",
              "
  ",
              "
    @media (max-width: ",
              "23.4375",
              "em) {
      ",
              "margin-top: 12px;",
              ";
    }
  ",
              "
",
            ],
          },
          "displayName": "styled.img",
          "foldedComponentIds": Array [],
          "render": [Function],
          "styledComponentId": "sc-bwzfXH",
          "target": "img",
          "toString": [Function],
          "warnTooManyClasses": [Function],
          "withComponent": [Function],
        },
      },
      undefined,
    ],
    "type": Object {
      "$$typeof": Symbol(react.forward_ref),
      "attrs": Array [],
      "componentStyle": ComponentStyle {
        "componentId": "sc-bdVaJa",
        "isStatic": true,
        "rules": Array [
          "
  top: 0px;
  background: blue;
  height: ",
          "60",
          "px;
  width: 100%;
  background: #345afb;
  display: flex;
  position: fixed;
  overflow: hidden;
  ",
          "
    @media (max-width: ",
          "38.75",
          "em) {
      ",
          "overflow: visible;",
          ";
    }
  ",
          ";
  z-index: 99;
",
        ],
      },
      "displayName": "styled.section",
      "foldedComponentIds": Array [],
      "render": [Function],
      "styledComponentId": "sc-bdVaJa",
      "target": "section",
      "toString": [Function],
      "warnTooManyClasses": [Function],
      "withComponent": [Function],
    },
  },
  Symbol(enzyme.__nodes__): Array [
    Object {
      "instance": null,
      "key": undefined,
      "nodeType": "function",
      "props": Object {
        "children": Array [
          <Unknown
            onClick={[Function]}
            src="baseline-menu-24px.svg"
/>,
          <Unknown
            onClick={[Function]}
            src="logo2.png"
/>,
          undefined,
        ],
      },
      "ref": null,
      "rendered": Array [
        Object {
          "instance": null,
          "key": undefined,
          "nodeType": "function",
          "props": Object {
            "onClick": [Function],
            "src": "baseline-menu-24px.svg",
          },
          "ref": null,
          "rendered": null,
          "type": Object {
            "$$typeof": Symbol(react.forward_ref),
            "attrs": Array [],
            "componentStyle": ComponentStyle {
              "componentId": "sc-htpNat",
              "isStatic": true,
              "rules": Array [
                "
  fill: white;
  margin-top: 7px;
  margin-left: 30px;
  display: none;
  ",
                "
    @media (max-width: ",
                "38.75",
                "em) {
      ",
                "display: block;",
                ";
    }
  ",
                "
  ",
                "
    @media (max-width: ",
                "23.4375",
                "em) {
      ",
                "margin-left: 10px;",
                ";
    }
  ",
                "
",
              ],
            },
            "displayName": "Styled(ReactSVG)",
            "foldedComponentIds": Array [],
            "render": [Function],
            "styledComponentId": "sc-htpNat",
            "target": [Function],
            "toString": [Function],
            "warnTooManyClasses": [Function],
            "withComponent": [Function],
            Symbol(Symbol.hasInstance): [Function],
          },
        },
        Object {
          "instance": null,
          "key": undefined,
          "nodeType": "function",
          "props": Object {
            "onClick": [Function],
            "src": "logo2.png",
          },
          "ref": null,
          "rendered": null,
          "type": Object {
            "$$typeof": Symbol(react.forward_ref),
            "attrs": Array [],
            "componentStyle": ComponentStyle {
              "componentId": "sc-bwzfXH",
              "isStatic": true,
              "rules": Array [
                "
  margin-top: ",
                "10",
                "px;
  height: ",
                "40",
                "px;
  margin-left: 32px;
  cursor: pointer;
  ",
                "
    @media (max-width: ",
                "38.75",
                "em) {
      ",
                "  margin-left: 10px;",
                ";
    }
  ",
                "
  ",
                "
    @media (max-width: ",
                "23.4375",
                "em) {
      ",
                "height: 35px;",
                ";
    }
  ",
                "
  ",
                "
    @media (max-width: ",
                "23.4375",
                "em) {
      ",
                "margin-top: 12px;",
                ";
    }
  ",
                "
",
              ],
            },
            "displayName": "styled.img",
            "foldedComponentIds": Array [],
            "render": [Function],
            "styledComponentId": "sc-bwzfXH",
            "target": "img",
            "toString": [Function],
            "warnTooManyClasses": [Function],
            "withComponent": [Function],
          },
        },
        undefined,
      ],
      "type": Object {
        "$$typeof": Symbol(react.forward_ref),
        "attrs": Array [],
        "componentStyle": ComponentStyle {
          "componentId": "sc-bdVaJa",
          "isStatic": true,
          "rules": Array [
            "
  top: 0px;
  background: blue;
  height: ",
            "60",
            "px;
  width: 100%;
  background: #345afb;
  display: flex;
  position: fixed;
  overflow: hidden;
  ",
            "
    @media (max-width: ",
            "38.75",
            "em) {
      ",
            "overflow: visible;",
            ";
    }
  ",
            ";
  z-index: 99;
",
          ],
        },
        "displayName": "styled.section",
        "foldedComponentIds": Array [],
        "render": [Function],
        "styledComponentId": "sc-bdVaJa",
        "target": "section",
        "toString": [Function],
        "warnTooManyClasses": [Function],
        "withComponent": [Function],
      },
    },
  ],
  Symbol(enzyme.__options__): Object {
    "adapter": ReactSixteenAdapter {
      "options": Object {
        "enableComponentDidUpdateOnSetState": true,
        "legacyContextMode": "parent",
        "lifecycles": Object {
          "componentDidUpdate": Object {
            "onSetState": true,
          },
          "getChildContext": Object {
            "calledByRenderer": false,
          },
          "getDerivedStateFromProps": Object {
            "hasShouldComponentUpdateBug": false,
          },
          "getSnapshotBeforeUpdate": true,
          "setState": Object {
            "skipsComponentDidUpdateOnNullish": true,
          },
        },
      },
    },
  },
  Symbol(enzyme.__childContext__): null,
}
`;
